<html>
<body>
<pre>
<h1>µVision Build Log</h1>
<h2>Tool Versions:</h2>
IDE-Version: µVision V5.29.0.0
Copyright (C) 2019 ARM Ltd and ARM Germany GmbH. All rights reserved.
License Information: Oleksandr Antoniul, -, LIC=----
 
Tool Versions:
Toolchain:       MDK-Lite  Version: 5.29.0.0
Toolchain Path:  C:\Keil_v5\ARM\ARMCC\Bin
C Compiler:      Armcc.exe V5.06 update 6 (build 750)
Assembler:       Armasm.exe V5.06 update 6 (build 750)
Linker/Locator:  ArmLink.exe V5.06 update 6 (build 750)
Library Manager: ArmAr.exe V5.06 update 6 (build 750)
Hex Converter:   FromElf.exe V5.06 update 6 (build 750)
CPU DLL:         SARMCM3.DLL V5.29.0.0
Dialog DLL:      DCM.DLL V1.17.3.0
Target DLL:      STLink\ST-LINKIII-KEIL_SWO.dll V3.0.7.0
Dialog DLL:      TCM.DLL V1.36.5.0
 
<h2>Project:</h2>
D:\micro\SPL_Interrupt\SPL_IN\lab1.uvprojx
Project File Date:  03/25/2020

<h2>Output:</h2>
*** Using Compiler 'V5.06 update 6 (build 750)', folder: 'C:\Keil_v5\ARM\ARMCC\Bin'
Rebuild target 'Target 1'
compiling stm32f4xx_gpio.c...
compiling main.c...
User\main.c(64): warning:  #223-D: function "lcd_delay" declared implicitly
  	lcd_delay(100);
User\main.c(86): warning:  #223-D: function "LCD_Pin_Initialize" declared implicitly
  	LCD_Pin_Initialize();
User\main.c(87): warning:  #223-D: function "LCD_Init" declared implicitly
  	LCD_Init();
User\main.c(95): warning:  #223-D: function "LCD_ShowStr" declared implicitly
  				case 0 : LCD_ShowStr(str1);break;value = -1;
User\main.c(95): warning:  #111-D: statement is unreachable
  				case 0 : LCD_ShowStr(str1);break;value = -1;
User\main.c(96): warning:  #111-D: statement is unreachable
  				case 1 : LCD_ShowStr(str2);break;value = -1;
User\main.c(97): warning:  #111-D: statement is unreachable
  				case 2 : LCD_ShowStr(str3);break;value = -1;
User\main.c(98): warning:  #111-D: statement is unreachable
  				case 3 : LCD_ShowStr(str4);break;value = -1;
User\main.c(99): warning:  #111-D: statement is unreachable
  				case 4 : LCD_ShowStr(str5);break;value = -1;
User\main.c(104): warning:  #111-D: statement is unreachable
  		delay_ms(2000);
User\main.c: 10 warnings, 0 errors
compiling stm32f4xx_rcc.c...
compiling misc.c...
compiling stm32f4xx_exti.c...
compiling LCD.c...
assembling startup_stm32f407xx.s...
compiling stm32f4xx_rng.c...
compiling system_stm32f4xx.c...
linking...
Program Size: Code=1522 RO-data=426 RW-data=40 ZI-data=1864  
".\Objects\lab1.axf" - 0 Error(s), 10 Warning(s).

<h2>Software Packages used:</h2>

Package Vendor: ARM
                http://www.keil.com/pack/ARM.CMSIS.5.6.0.pack
                ARM.CMSIS.5.6.0
                CMSIS (Cortex Microcontroller Software Interface Standard)
   * Component: CORE Version: 5.3.0

Package Vendor: Keil
                http://www.keil.com/pack/Keil.STM32F4xx_DFP.2.14.0.pack
                Keil.STM32F4xx_DFP.2.14.0
                STMicroelectronics STM32F4 Series Device Support, Drivers and Examples
   * Component: Startup Version: 2.6.3

<h2>Collection of Component include folders:</h2>
  .\RTE\_Target_1
  C:\Users\Alexander Antonyuk\AppData\Local\Arm\Packs\ARM\CMSIS\5.6.0\CMSIS\Core\Include
  C:\Users\Alexander Antonyuk\AppData\Local\Arm\Packs\Keil\STM32F4xx_DFP\2.14.0\Drivers\CMSIS\Device\ST\STM32F4xx\Include

<h2>Collection of Component Files used:</h2>

   * Component: ARM::CMSIS:CORE:5.3.0

   * Component: Keil::Device:Startup:2.6.3
      Source file:   MDK\Device\Source\ARM\STM32F4xx_OTP.s
      Include file:  Drivers\CMSIS\Device\ST\STM32F4xx\Include\stm32f4xx.h
      Source file:   Drivers\CMSIS\Device\ST\STM32F4xx\Source\Templates\arm\startup_stm32f407xx.s
      Source file:   MDK\Device\Source\ARM\STM32F40xxx_41xxx_OPT.s
      Source file:   Drivers\CMSIS\Device\ST\STM32F4xx\Source\Templates\system_stm32f4xx.c
Build Time Elapsed:  00:00:06
</pre>
</body>
</html>
